[youssef-elsabbahy2.github.io/Ramadan-Kareem-With-Jooooe-/index.html]
[backblue.gif]
[fade.gif]
[index.html]
[youssef-elsabbahy2.github.io/Ramadan-Kareem-With-Jooooe-/style.css]
[youssef-elsabbahy2.github.io/Ramadan-Kareem-With-Jooooe-/Untitled-1.scss]
[youssef-elsabbahy2.github.io/Ramadan-Kareem-With-Jooooe-/ramadan.mp3]
[cdnjs.cloudflare.com/ajax/libs/animate.css/4.1.1/animate.min.css]
[youssef-elsabbahy2.github.io/Ramadan-Kareem-With-Jooooe-/نغمة  صلي على محمد ﷺ (128 kbps).mp3]
[youssef-elsabbahy2.github.io/Ramadan-Kareem-With-Jooooe-/th (8).jpg]
[youssef-elsabbahy2.github.io/Ramadan-Kareem-With-Jooooe-/m.mp3]
[youssef-elsabbahy2.github.io/Ramadan-Kareem-With-Jooooe-/29414322011.mp3]
[ajax.googleapis.com/ajax/libs/jquery/3.6.3/jquery.min.js]
[youssef-elsabbahy2.github.io/Ramadan-Kareem-With-Jooooe-/index.html]
[youssef-elsabbahy2.github.io/Ramadan-Kareem-With-Jooooe-/bg.jpg]
[youssef-elsabbahy2.github.io/Ramadan-Kareem-With-Jooooe-/style.css]
[cdnjs.cloudflare.com/ajax/libs/animate.css/4.1.1/animate.min.css]
